// Jest Snapshot v1, https://goo.gl/fbAQLP

exports[`<List /> should render the heading 1`] = `
<main
  class=""
>
  <h1>
    List
  </h1>
</main>
`;
