// Jest Snapshot v1, https://goo.gl/fbAQLP

exports[`<Description /> should render the heading 1`] = `
<main
  class=""
>
  <h1>
    Description
  </h1>
</main>
`;
